Microchip MPLAB XC8 Compiler V2.20

Linker command line:

-W-3 --edf=/opt/microchip/xc8/v2.20/pic/dat/en_msgs.txt -cn \
  -h+dist/default/production/TIMER_CAFETEIRA.X.production.sym \
  --cmf=dist/default/production/TIMER_CAFETEIRA.X.production.cmf -z \
  -Q12F675 -o/tmp/xcXFFCHiJ --defsym=__MPLAB_BUILD=1 \
  -Mdist/default/production/TIMER_CAFETEIRA.X.production.map -E1 \
  -ver=XC8 Compiler --acfsm=1493 -ASTACK=03Ah-05Dh -pstack=STACK \
  -ACODE=00h-03FEh -ASTRCODE=00h-03FEh -ASTRING=00h-0FFhx3,0300h-03FEh \
  -ACONST=00h-0FFhx3,0300h-03FEh -AENTRY=00h-0FFhx3,0300h-03FEh \
  -ABANK0=020h-05Dh -ARAM=020h-05Dh -AABS1=020h-05Fh -ACOMMON=05Eh-05Fh \
  -ASFR0=00h-01Fh -ASFR1=080h-0DDh -ACONFIG=02007h-02007h -DCONFIG=2 \
  -AIDLOC=02000h-02003h -DIDLOC=2 \
  -preset_vec=00h,intentry=04h,init,end_init -ppowerup=CODE -pcinit=CODE \
  -pfunctab=ENTRY -AEEDATA=00h-07Fh/02100h -peeprom_data=EEDATA -DEEDATA=2 \
  -posccal=03FFh -DCODE=2 -DSTRCODE=2 -DSTRING=2 -DCONST=2 -DENTRY=2 -k \
  /tmp/xcXPdcgAl.o dist/default/production/TIMER_CAFETEIRA.X.production.o 

Object code version is 3.11

Machine type is 12F675



                Name                               Link     Load   Length Selector   Space Scale
/tmp/xcXPdcgAl.o
                end_init                              B        B        1        8       0
                reset_vec                             0        0        1        0       0
dist/default/production/TIMER_CAFETEIRA.X.production.o
                cinit                                 C        C        A        8       0
                intentry                              4        4        7        8       0
                text11                              17D      17D       28        8       0
                text10                              1E9      1E9        9        8       0
                text9                               1BC      1BC       15        8       0
                text8                               1F2      1F2        5        8       0
                text7                               1DF      1DF        A        8       0
                text6                               1A5      1A5       17        8       0
                text5                                F7       F7       55        8       0
                text4                                8F       8F       68        8       0
                text3                               14C      14C       31        8       0
                text2                               1F7      1F7        4        8       0
                text1                               1D1      1D1        E        8       0
                maintext                             16       16       79        8       0
                cstackBANK0                          20       20       12       20       1
                bssBANK0                             32       32        7       20       1
                nvBANK0                              39       39        1       20       1

TOTAL           Name                               Link     Load   Length     Space
        CLASS   STACK          

        CLASS   CODE           
                end_init                              B        B        1         0
                cinit                                 C        C        A         0
                intentry                              4        4        7         0
                reset_vec                             0        0        1         0
                text11                              17D      17D       28         0
                text10                              1E9      1E9        9         0
                text9                               1BC      1BC       15         0
                text8                               1F2      1F2        5         0
                text7                               1DF      1DF        A         0
                text6                               1A5      1A5       17         0
                text5                                F7       F7       55         0
                text4                                8F       8F       68         0
                text3                               14C      14C       31         0
                text2                               1F7      1F7        4         0
                text1                               1D1      1D1        E         0
                maintext                             16       16       79         0

        CLASS   STRCODE        

        CLASS   STRING         

        CLASS   CONST          

        CLASS   ENTRY          

        CLASS   BANK0          
                cstackBANK0                          20       20       12         1
                bssBANK0                             32       32        7         1
                nvBANK0                              39       39        1         1

        CLASS   RAM            

        CLASS   ABS1           
                abs_s1                               5E       5E        2         1

        CLASS   COMMON         

        CLASS   SFR0           

        CLASS   SFR1           

        CLASS   CONFIG         

        CLASS   IDLOC          

        CLASS   EEDATA         

        CLASS   BANK1          



SEGMENTS        Name                           Load    Length   Top    Selector   Space  Class     Delta

                cstackBANK0                    000020  00001A  00003A        20       1  BANK0       1
                intentry                       000004  0001F7  0001FB         8       0  CODE        2
                reset_vec                      000000  000001  000001         0       0  CODE        2


UNUSED ADDRESS RANGES

        Name                Unused          Largest block    Delta
        BANK0            03A-05D            24           1
        CODE             001-003             3           2
                         1FB-3FE           204
        CONFIG           2007-2007             1           2
        CONST            001-003             3           2
                         1FB-3FE           100
        EEDATA           2100-217F            80           2
        ENTRY            001-003             3           2
                         1FB-3FE           100
        IDLOC            2000-2003             4           2
        RAM              03A-05D            24           1
        SFR0             000-01F            20           1
        SFR1             080-0DD            5E           1
        STACK            03A-05D            24           1
        STRCODE          001-003             3           2
                         1FB-3FE           204
        STRING           001-003             3           2
                         1FB-3FE           100

                                  Symbol Table

_ANSEL                     (abs)        09F
_CMCON                     (abs)        019
_GIE                       (abs)        05F
_GP0                       (abs)        028
_GP1                       (abs)        029
_GP2                       (abs)        02A
_GP3                       (abs)        02B
_GP4                       (abs)        02C
_GP5                       (abs)        02D
_GPIE                      (abs)        05B
_GPIF                      (abs)        058
_IOC3                      (abs)        4B3
_PEIE                      (abs)        05E
_T1CON                     (abs)        010
_TMR1H                     (abs)        00F
_TMR1IE                    (abs)        460
_TMR1IF                    (abs)        060
_TMR1L                     (abs)        00E
_TMR1ON                    (abs)        080
_TRISIO                    (abs)        085
_WPU                       (abs)        095
__Habs1                    abs1         7FE
__Hbank0                   bank0        7FE
__Hbank1                   bank1        7FE
__HbssBANK0                bssBANK0     7FE
__Hcinit                   cinit        016
__Hclrtext                 clrtext      7FE
__Hcode                    code         7FE
__Hcommon                  common       7FE
__HcstackBANK0             cstackBANK0  7FE
__HcstackCOMMON            cstackCOMMON 7FE
__Heeprom_data             eeprom_data  000
__Hend_init                end_init     00C
__Hfunctab                 functab      000
__Hinit                    init         00B
__Hintentry                intentry     00B
__Hmaintext                maintext     7FE
__HnvBANK0                 nvBANK0      7FE
__Hosccal                  osccal       3FF
__Hpowerup                 powerup      000
__Hram                     ram          7FE
__Hreset_vec               reset_vec    001
__Hsfr0                    sfr0         7FE
__Hsfr1                    sfr1         7FE
__Hspace_0                 (abs)        7FE
__Hspace_1                 (abs)        7FE
__Hspace_2                 (abs)        000
__Hspace_3                 (abs)        000
__Hstack                   stack        000
__Hstrings                 strings      7FE
__Htext                    text         7FE
__Labs1                    abs1         7FE
__Lbank0                   bank0        7FE
__Lbank1                   bank1        7FE
__LbssBANK0                bssBANK0     7FE
__Lcinit                   cinit        00C
__Lclrtext                 clrtext      7FE
__Lcode                    code         7FE
__Lcommon                  common       7FE
__LcstackBANK0             cstackBANK0  7FE
__LcstackCOMMON            cstackCOMMON 7FE
__Leeprom_data             eeprom_data  000
__Lend_init                end_init     00B
__Lfunctab                 functab      000
__Linit                    init         00B
__Lintentry                intentry     004
__Lmaintext                maintext     7FE
__LnvBANK0                 nvBANK0      7FE
__Losccal                  osccal       3FF
__Lpowerup                 powerup      000
__Lram                     ram          7FE
__Lreset_vec               reset_vec    000
__Lsfr0                    sfr0         7FE
__Lsfr1                    sfr1         7FE
__Lspace_0                 (abs)        000
__Lspace_1                 (abs)        000
__Lspace_2                 (abs)        000
__Lspace_3                 (abs)        000
__Lstack                   stack        000
__Lstrings                 strings      7FE
__Ltext                    text         7FE
__S0                       (abs)        1FB
__S1                       (abs)        03A
__S2                       (abs)        000
__S3                       (abs)        000
___int_sp                  stack        000
___latbits                 (abs)        000
___osccal_val              osccal       3FF
___sp                      stack        000
___stackhi                 (abs)        000
___stacklo                 (abs)        000
__end_of__initialization   cinit        014
__end_of_config_TM1        text10       1F2
__end_of_config_mcu        text9        1D1
__end_of_config_osc        text8        1F7
__end_of_config_var        text7        1E9
__end_of_cooking           text4        0F7
__end_of_estado_botao      text3        17D
__end_of_isr               text11       1A5
__end_of_ler_botao         text6        1BC
__end_of_main              maintext     08F
__end_of_modo_lowpower     text2        1FB
__end_of_som               text1        1DF
__end_of_som_modo_preparo  text5        14C
__initialization           cinit        00C
__pbssBANK0                bssBANK0     032
__pcstackBANK0             cstackBANK0  020
__pcstackCOMMON            cstackCOMMON 000
__pintentry                intentry     004
__pmaintext                maintext     016
__pnvBANK0                 nvBANK0      039
__ptext1                   text1        1D1
__ptext10                  text10       1E9
__ptext11                  text11       17D
__ptext2                   text2        1F7
__ptext3                   text3        14C
__ptext4                   text4        08F
__ptext5                   text5        0F7
__ptext6                   text6        1A5
__ptext7                   text7        1DF
__ptext8                   text8        1F2
__ptext9                   text9        1BC
__size_of_config_TM1       (abs)        000
__size_of_config_mcu       (abs)        000
__size_of_config_osc       (abs)        000
__size_of_config_var       (abs)        000
__size_of_cooking          (abs)        000
__size_of_estado_botao     (abs)        000
__size_of_isr              (abs)        000
__size_of_ler_botao        (abs)        000
__size_of_main             (abs)        000
__size_of_modo_lowpower    (abs)        000
__size_of_som              (abs)        000
__size_of_som_modo_preparo (abs)        000
_bt_estado_anterior        bssBANK0     035
_bt_estado_atual           bssBANK0     036
_bt_num_toques             nvBANK0      039
_config_TM1                text10       1E9
_config_mcu                text9        1BC
_config_osc                text8        1F2
_config_var                text7        1DF
_cont_botao_press          bssBANK0     038
_cont_pisca_leds           bssBANK0     037
_cont_toques               bssBANK0     033
_cooking                   text4        08F
_estado_botao              text3        14C
_isr                       text11       17D
_ler_botao                 text6        1A5
_main                      maintext     016
_modo_lowpower             text2        1F7
_modo_timer                bssBANK0     034
_som                       text1        1D1
_som_modo_preparo          text5        0F7
_timer_out                 bssBANK0     032
btemp                      (abs)        05E
cooking@modo_fim           cstackBANK0  02C
cooking@tempo              cstackBANK0  02D
cooking@timer_cont_min     cstackBANK0  02E
cooking@timer_cont_seg     cstackBANK0  02B
end_of_initialization      cinit        014
estado_botao@estado_toques cstackBANK0  025
interrupt_function         intentry     004
intlevel0                  functab      000
intlevel1                  functab      000
intlevel2                  functab      000
intlevel3                  functab      000
intlevel4                  functab      000
intlevel5                  functab      000
ler_botao@status           cstackBANK0  022
reset_vec                  reset_vec    000
saved_w                    (abs)        05E
som_modo_preparo@modo      cstackBANK0  025
som_modo_preparo@t         cstackBANK0  026
som_modo_preparo@t_122     cstackBANK0  027
start                      init         00B
start_initialization       cinit        00C
wtemp0                     (abs)        05E


FUNCTION INFORMATION:

 *************** function _main *****************
 Defined at:
		line 92 in file "main_timer.c"
 Parameters:    Size  Location     Type
		None
 Auto vars:     Size  Location     Type
		None
 Return value:  Size  Location     Type
                  1    wreg      void 
 Registers used:
		wreg, fsr0l, fsr0h, status,2, status,0, btemp+1, pclath, cstack
 Tracked objects:
		On entry : 
		On exit  : 
		Unchanged: 
 Data sizes:     COMMON   BANK0
      Params:         0       0
      Locals:         0       0
      Temps:          0       3
      Totals:         0       3
Total ram usage:        3 bytes
 Hardware stack levels required when called:    3
 This function calls:
		_config_TM1
		_config_mcu
		_config_osc
		_config_var
		_cooking
		_estado_botao
		_modo_lowpower
		_som
 This function is called by:
		Startup code after reset
 This function uses a non-reentrant model


 *************** function _som *****************
 Defined at:
		line 301 in file "main_timer.c"
 Parameters:    Size  Location     Type
		None
 Auto vars:     Size  Location     Type
		None
 Return value:  Size  Location     Type
                  1    wreg      void 
 Registers used:
		wreg
 Tracked objects:
		On entry : 
		On exit  : 
		Unchanged: 
 Data sizes:     COMMON   BANK0
      Params:         0       0
      Locals:         0       0
      Temps:          0       2
      Totals:         0       2
Total ram usage:        2 bytes
 Hardware stack levels used:    1
 Hardware stack levels required when called:    1
 This function calls:
		Nothing
 This function is called by:
		_main
 This function uses a non-reentrant model


 *************** function _modo_lowpower *****************
 Defined at:
		line 154 in file "main_timer.c"
 Parameters:    Size  Location     Type
		None
 Auto vars:     Size  Location     Type
		None
 Return value:  Size  Location     Type
                  1    wreg      void 
 Registers used:
		None
 Tracked objects:
		On entry : 
		On exit  : 
		Unchanged: 
 Data sizes:     COMMON   BANK0
      Params:         0       0
      Locals:         0       0
      Temps:          0       0
      Totals:         0       0
Total ram usage:        0 bytes
 Hardware stack levels used:    1
 Hardware stack levels required when called:    1
 This function calls:
		Nothing
 This function is called by:
		_main
 This function uses a non-reentrant model


 *************** function _estado_botao *****************
 Defined at:
		line 220 in file "main_timer.c"
 Parameters:    Size  Location     Type
		None
 Auto vars:     Size  Location     Type
  estado_toque    1    5[BANK0 ] unsigned char 
 Return value:  Size  Location     Type
                  1    wreg      unsigned char 
 Registers used:
		wreg, fsr0l, fsr0h, status,2, status,0, btemp+1, pclath, cstack
 Tracked objects:
		On entry : 
		On exit  : 
		Unchanged: 
 Data sizes:     COMMON   BANK0
      Params:         0       0
      Locals:         0       1
      Temps:          0       2
      Totals:         0       3
Total ram usage:        3 bytes
 Hardware stack levels used:    1
 Hardware stack levels required when called:    2
 This function calls:
		_ler_botao
 This function is called by:
		_main
 This function uses a non-reentrant model


 *************** function _cooking *****************
 Defined at:
		line 253 in file "main_timer.c"
 Parameters:    Size  Location     Type
  tempo           1    wreg     unsigned char 
 Auto vars:     Size  Location     Type
  tempo           1   13[BANK0 ] unsigned char 
  timer_cont_m    1   14[BANK0 ] unsigned char 
  modo_fim        1   12[BANK0 ] unsigned char 
  timer_cont_s    1   11[BANK0 ] unsigned char 
 Return value:  Size  Location     Type
                  1    wreg      void 
 Registers used:
		wreg, status,2, status,0, btemp+1, pclath, cstack
 Tracked objects:
		On entry : 
		On exit  : 
		Unchanged: 
 Data sizes:     COMMON   BANK0
      Params:         0       0
      Locals:         0       4
      Temps:          0       3
      Totals:         0       7
Total ram usage:        7 bytes
 Hardware stack levels used:    1
 Hardware stack levels required when called:    2
 This function calls:
		_ler_botao
		_som_modo_preparo
 This function is called by:
		_main
 This function uses a non-reentrant model


 *************** function _som_modo_preparo *****************
 Defined at:
		line 311 in file "main_timer.c"
 Parameters:    Size  Location     Type
  modo            1    wreg     unsigned char 
 Auto vars:     Size  Location     Type
  modo            1    5[BANK0 ] unsigned char 
  t               1    7[BANK0 ] unsigned char 
  t               1    6[BANK0 ] unsigned char 
 Return value:  Size  Location     Type
                  1    wreg      void 
 Registers used:
		wreg, status,2, status,0, btemp+1
 Tracked objects:
		On entry : 
		On exit  : 
		Unchanged: 
 Data sizes:     COMMON   BANK0
      Params:         0       0
      Locals:         0       3
      Temps:          0       3
      Totals:         0       6
Total ram usage:        6 bytes
 Hardware stack levels used:    1
 Hardware stack levels required when called:    1
 This function calls:
		Nothing
 This function is called by:
		_cooking
 This function uses a non-reentrant model


 *************** function _ler_botao *****************
 Defined at:
		line 199 in file "main_timer.c"
 Parameters:    Size  Location     Type
		None
 Auto vars:     Size  Location     Type
  status          1    2[BANK0 ] unsigned char 
 Return value:  Size  Location     Type
                  1    wreg      unsigned char 
 Registers used:
		wreg, status,2, status,0, btemp+1
 Tracked objects:
		On entry : 
		On exit  : 
		Unchanged: 
 Data sizes:     COMMON   BANK0
      Params:         0       0
      Locals:         0       1
      Temps:          0       0
      Totals:         0       1
Total ram usage:        1 bytes
 Hardware stack levels used:    1
 Hardware stack levels required when called:    1
 This function calls:
		Nothing
 This function is called by:
		_estado_botao
		_cooking
 This function uses a non-reentrant model


 *************** function _config_var *****************
 Defined at:
		line 186 in file "main_timer.c"
 Parameters:    Size  Location     Type
		None
 Auto vars:     Size  Location     Type
		None
 Return value:  Size  Location     Type
                  1    wreg      void 
 Registers used:
		status,2
 Tracked objects:
		On entry : 
		On exit  : 
		Unchanged: 
 Data sizes:     COMMON   BANK0
      Params:         0       0
      Locals:         0       0
      Temps:          0       0
      Totals:         0       0
Total ram usage:        0 bytes
 Hardware stack levels used:    1
 Hardware stack levels required when called:    1
 This function calls:
		Nothing
 This function is called by:
		_main
 This function uses a non-reentrant model


 *************** function _config_osc *****************
 Defined at:
		line 144 in file "main_timer.c"
 Parameters:    Size  Location     Type
		None
 Auto vars:     Size  Location     Type
		None
 Return value:  Size  Location     Type
                  1    wreg      void 
 Registers used:
		None
 Tracked objects:
		On entry : 
		On exit  : 
		Unchanged: 
 Data sizes:     COMMON   BANK0
      Params:         0       0
      Locals:         0       0
      Temps:          0       0
      Totals:         0       0
Total ram usage:        0 bytes
 Hardware stack levels used:    1
 Hardware stack levels required when called:    1
 This function calls:
		Nothing
 This function is called by:
		_main
 This function uses a non-reentrant model


 *************** function _config_mcu *****************
 Defined at:
		line 165 in file "main_timer.c"
 Parameters:    Size  Location     Type
		None
 Auto vars:     Size  Location     Type
		None
 Return value:  Size  Location     Type
                  1    wreg      void 
 Registers used:
		wreg, status,2
 Tracked objects:
		On entry : 
		On exit  : 
		Unchanged: 
 Data sizes:     COMMON   BANK0
      Params:         0       0
      Locals:         0       0
      Temps:          0       0
      Totals:         0       0
Total ram usage:        0 bytes
 Hardware stack levels used:    1
 Hardware stack levels required when called:    1
 This function calls:
		Nothing
 This function is called by:
		_main
 This function uses a non-reentrant model


 *************** function _config_TM1 *****************
 Defined at:
		line 338 in file "main_timer.c"
 Parameters:    Size  Location     Type
		None
 Auto vars:     Size  Location     Type
		None
 Return value:  Size  Location     Type
                  1    wreg      void 
 Registers used:
		wreg, status,2
 Tracked objects:
		On entry : 
		On exit  : 
		Unchanged: 
 Data sizes:     COMMON   BANK0
      Params:         0       0
      Locals:         0       0
      Temps:          0       0
      Totals:         0       0
Total ram usage:        0 bytes
 Hardware stack levels used:    1
 Hardware stack levels required when called:    1
 This function calls:
		Nothing
 This function is called by:
		_main
 This function uses a non-reentrant model


 *************** function _isr *****************
 Defined at:
		line 350 in file "main_timer.c"
 Parameters:    Size  Location     Type
		None
 Auto vars:     Size  Location     Type
		None
 Return value:  Size  Location     Type
                  1    wreg      void 
 Registers used:
		status,2
 Tracked objects:
		On entry : 
		On exit  : 
		Unchanged: 
 Data sizes:     COMMON   BANK0
      Params:         0       0
      Locals:         0       0
      Temps:          0       2
      Totals:         0       2
Total ram usage:        2 bytes
 Hardware stack levels used:    1
 This function calls:
		Nothing
 This function is called by:
		Interrupt level 1
 This function uses a non-reentrant model



MODULE INFORMATION

Module		Function		Class		Link	Load	Size
main_timer.c
		_cooking       		CODE           	008F	0000	105
		_main          		CODE           	0016	0000	122
		_ler_botao     		CODE           	01A5	0000	24
		_som           		CODE           	01D1	0000	15
		_som_modo_preparo		CODE           	00F7	0000	86
		_modo_lowpower 		CODE           	01F7	0000	5
		_isr           		CODE           	017D	0000	41
		_estado_botao  		CODE           	014C	0000	50
		_config_TM1    		CODE           	01E9	0000	10
		_config_osc    		CODE           	01F2	0000	6
		_config_var    		CODE           	01DF	0000	11
		_config_mcu    		CODE           	01BC	0000	22

main_timer.c estimated size: 497

shared
		__initialization		CODE           	000C	0000	9

shared estimated size: 9

